// Jest Snapshot v1, https://goo.gl/fbAQLP

exports[`バッテリーリミットブレイクが正しく適用できる 1`] = `
{
  "activePlayerId": "otherPlayer",
  "effect": {
    "burst": {
      "maxBattery": 8,
      "recoverBattery": 8,
      "type": "BatteryLimitBreak",
    },
    "burstPlayer": "burstPlayer",
    "name": "BurstEffect",
  },
  "players": [
    {
      "armdozer": {
        "battery": 5,
        "burst": {
          "recoverBattery": 5,
          "turnStartBatteryCorrect": 1,
          "type": "RecoverBattery",
        },
        "effects": [],
        "enableBurst": true,
        "hp": 3000,
        "id": "id",
        "maxBattery": 5,
        "maxHp": 3000,
        "name": "name",
        "power": 2000,
        "speed": 2000,
      },
      "pilot": {
        "enableSkill": true,
        "id": "EMPTY_PLAYER",
        "name": "名無し",
        "skill": {
          "recoverBattery": 2,
          "type": "RecoverBatterySkill",
        },
      },
      "playerId": "otherPlayer",
    },
    {
      "armdozer": {
        "battery": 8,
        "burst": {
          "maxBattery": 8,
          "recoverBattery": 8,
          "type": "BatteryLimitBreak",
        },
        "effects": [],
        "enableBurst": false,
        "hp": 3000,
        "id": "id",
        "maxBattery": 8,
        "maxHp": 3000,
        "name": "name",
        "power": 2000,
        "speed": 2000,
      },
      "pilot": {
        "enableSkill": true,
        "id": "EMPTY_PLAYER",
        "name": "名無し",
        "skill": {
          "recoverBattery": 2,
          "type": "RecoverBatterySkill",
        },
      },
      "playerId": "burstPlayer",
    },
  ],
}
`;
