// Jest Snapshot v1, https://goo.gl/fbAQLP

exports[`削除 バースト効果バッテリー回復が正しく適用される 1`] = `
{
  "activePlayerId": "",
  "effect": {
    "burst": {
      "recoverBattery": 5,
      "type": "RecoverBattery",
    },
    "burstPlayer": "player01",
    "name": "BurstEffect",
  },
  "players": [
    {
      "armdozer": {
        "battery": 5,
        "burst": {
          "recoverBattery": 0,
          "type": "RecoverBattery",
        },
        "effects": [],
        "enableBurst": true,
        "hp": 3000,
        "id": "id",
        "maxBattery": 5,
        "maxHp": 3000,
        "name": "name",
        "power": 2000,
        "speed": 2000,
      },
      "pilot": {
        "enableSkill": true,
        "id": "EMPTY_PLAYER",
        "name": "名無し",
        "skill": {
          "recoverBattery": 2,
          "type": "RecoverBatterySkill",
        },
      },
      "playerId": "player02",
    },
    {
      "armdozer": {
        "battery": 5,
        "burst": {
          "recoverBattery": 5,
          "type": "RecoverBattery",
        },
        "effects": [],
        "enableBurst": false,
        "hp": 3000,
        "id": "id",
        "maxBattery": 5,
        "maxHp": 3000,
        "name": "name",
        "power": 2000,
        "speed": 2000,
      },
      "pilot": {
        "enableSkill": true,
        "id": "EMPTY_PLAYER",
        "name": "名無し",
        "skill": {
          "recoverBattery": 2,
          "type": "RecoverBatterySkill",
        },
      },
      "playerId": "player01",
    },
  ],
}
`;
