// Jest Snapshot v1, https://jestjs.io/docs/snapshot-testing

exports[`バースト効果バッテリー回復が正しく適用される 1`] = `
{
  "activePlayerId": "player02",
  "effect": {
    "burst": {
      "recoverBattery": 5,
      "turnStartBatteryCorrect": 1,
      "type": "RecoverBattery",
    },
    "burstPlayer": "player01",
    "name": "BurstEffect",
  },
  "players": [
    {
      "armdozer": {
        "battery": 5,
        "batteryAutoRecovery": 3,
        "burst": {
          "recoverBattery": 5,
          "turnStartBatteryCorrect": 1,
          "type": "RecoverBattery",
        },
        "effects": [],
        "enableBurst": true,
        "hp": 3000,
        "id": "id",
        "maxBattery": 5,
        "maxHp": 3000,
        "name": "name",
        "power": 2000,
        "speed": 2000,
      },
      "pilot": {
        "enableSkill": true,
        "id": "EMPTY_PLAYER",
        "name": "名無し",
        "skill": {
          "recoverBattery": 2,
          "type": "RecoverBatterySkill",
        },
      },
      "playerId": "player02",
    },
    {
      "armdozer": {
        "battery": 5,
        "batteryAutoRecovery": 3,
        "burst": {
          "recoverBattery": 5,
          "turnStartBatteryCorrect": 1,
          "type": "RecoverBattery",
        },
        "effects": [
          {
            "correctBattery": 1,
            "period": {
              "type": "SpecialPeriod",
            },
            "type": "TurnStartBatteryCorrect",
          },
        ],
        "enableBurst": false,
        "hp": 3000,
        "id": "id",
        "maxBattery": 5,
        "maxHp": 3000,
        "name": "name",
        "power": 2000,
        "speed": 2000,
      },
      "pilot": {
        "enableSkill": true,
        "id": "EMPTY_PLAYER",
        "name": "名無し",
        "skill": {
          "recoverBattery": 2,
          "type": "RecoverBatterySkill",
        },
      },
      "playerId": "player01",
    },
  ],
}
`;
